// Jest Snapshot v1, https://goo.gl/fbAQLP

exports[`Atoms/Link AllVariants smoke-test 1`] = `
<div style="display: flex; flex-direction: column; gap: 10px;">
  <a class="sc-jrkPcm eEbEbs"
     href="/#"
  >
    Classic link
  </a>
  <a variant="text"
     class="sc-jrkPcm eEbEbs"
     href="/#"
  >
    Text link
  </a>
  <a class="sc-ipMvLY hcUcbw login-link"
     href="/login"
  >
    <span>
      Login
    </span>
    <svg stroke="currentColor"
         fill="none"
         stroke-width="0"
         viewbox="0 0 24 24"
         height="1em"
         width="1em"
         xmlns="http://www.w3.org/2000/svg"
         style="transform: rotate(180deg);"
    >
      <path stroke-linecap="round"
            stroke-linejoin="round"
            stroke-width="2"
            d="M10 19l-7-7m0 0l7-7m-7 7h18"
      >
      </path>
    </svg>
  </a>
</div>
`;
