// Jest Snapshot v1, https://goo.gl/fbAQLP

exports[`Organisms/My Articles MyArticleTableLoading smoke-test 1`] = `
<div class="sc-jdkVqZ jsYxwb">
  <div class="sc-csmVar huQTvo">
    <h1>
      My Articles
    </h1>
    <a colortheme="primary"
       class="sc-hLclGa sc-pqitP dhTwVn bNVlce"
       href="/admin/create-article"
    >
      Create new article
    </a>
  </div>
  <form class="sc-ciJnBw dfwyrO">
    <table class="sc-cCIIiH jupHLD">
      <tr class="sc-hHvkSs OHqgu edit-article">
        <th class="edit-article__checkbox">
          <div class="sc-jSwlEQ hPvNpH">
            <input type="checkbox"
                   class="sc-eDnVMP jVxqso"
            >
          </div>
        </th>
        <th class="edit-article__title">
          <button class="sc-grXZZQ kImwcT">
            <span>
              Article title
            </span>
            <svg stroke="currentColor"
                 fill="currentColor"
                 stroke-width="0"
                 viewbox="0 0 320 512"
                 height="1em"
                 width="1em"
                 xmlns="http://www.w3.org/2000/svg"
            >
              <path d="M41 288h238c21.4 0 32.1 25.9 17 41L177 448c-9.4 9.4-24.6 9.4-33.9 0L24 329c-15.1-15.1-4.4-41 17-41zm255-105L177 64c-9.4-9.4-24.6-9.4-33.9 0L24 183c-15.1 15.1-4.4 41 17 41h238c21.4 0 32.1-25.9 17-41z">
              </path>
            </svg>
          </button>
        </th>
        <th class="edit-article__perex">
          <button class="sc-grXZZQ kImwcT">
            <span>
              Perex
            </span>
            <svg stroke="currentColor"
                 fill="currentColor"
                 stroke-width="0"
                 viewbox="0 0 320 512"
                 height="1em"
                 width="1em"
                 xmlns="http://www.w3.org/2000/svg"
            >
              <path d="M41 288h238c21.4 0 32.1 25.9 17 41L177 448c-9.4 9.4-24.6 9.4-33.9 0L24 329c-15.1-15.1-4.4-41 17-41zm255-105L177 64c-9.4-9.4-24.6-9.4-33.9 0L24 183c-15.1 15.1-4.4 41 17 41h238c21.4 0 32.1-25.9 17-41z">
              </path>
            </svg>
          </button>
        </th>
        <th class="edit-article__author">
          <button class="sc-grXZZQ kImwcT">
            <span>
              Author
            </span>
            <svg stroke="currentColor"
                 fill="currentColor"
                 stroke-width="0"
                 viewbox="0 0 320 512"
                 height="1em"
                 width="1em"
                 xmlns="http://www.w3.org/2000/svg"
            >
              <path d="M41 288h238c21.4 0 32.1 25.9 17 41L177 448c-9.4 9.4-24.6 9.4-33.9 0L24 329c-15.1-15.1-4.4-41 17-41zm255-105L177 64c-9.4-9.4-24.6-9.4-33.9 0L24 183c-15.1 15.1-4.4 41 17 41h238c21.4 0 32.1-25.9 17-41z">
              </path>
            </svg>
          </button>
        </th>
        <th class="edit-article__nr-comments">
          <button class="sc-grXZZQ kImwcT">
            <span>
              # comments
            </span>
            <svg stroke="currentColor"
                 fill="currentColor"
                 stroke-width="0"
                 viewbox="0 0 320 512"
                 height="1em"
                 width="1em"
                 xmlns="http://www.w3.org/2000/svg"
            >
              <path d="M41 288h238c21.4 0 32.1 25.9 17 41L177 448c-9.4 9.4-24.6 9.4-33.9 0L24 329c-15.1-15.1-4.4-41 17-41zm255-105L177 64c-9.4-9.4-24.6-9.4-33.9 0L24 183c-15.1 15.1-4.4 41 17 41h238c21.4 0 32.1-25.9 17-41z">
              </path>
            </svg>
          </button>
        </th>
        <th class="edit-article__actions-container">
          Actions
        </th>
      </tr>
      // TODO: Detach logic of rendering
      <div class="sc-bYUneI sc-gXCJSa dWksIS cuYcqn">
        <div data-testid="three-dots-loading"
             aria-label="three-dots-loading"
             aria-busy="true"
             role="status"
             style="display: flex;"
        >
          <svg width="80"
               height="80"
               viewbox="0 0 120 30"
               xmlns="http://www.w3.org/2000/svg"
               fill="#007BFF"
               data-testid="three-dots-svg"
          >
            <circle cx="15"
                    cy="15"
                    r="15"
            >
              <animate attributename="r"
                       from="15"
                       to="15"
                       begin="0s"
                       dur="0.8s"
                       values="15;9;15"
                       calcmode="linear"
                       repeatcount="indefinite"
              >
              </animate>
              <animate attributename="fill-opacity"
                       from="1"
                       to="1"
                       begin="0s"
                       dur="0.8s"
                       values="1;.5;1"
                       calcmode="linear"
                       repeatcount="indefinite"
              >
              </animate>
            </circle>
            <circle cx="60"
                    cy="15"
                    r="9"
                    attributename="fill-opacity"
                    from="1"
                    to="0.3"
            >
              <animate attributename="r"
                       from="9"
                       to="9"
                       begin="0s"
                       dur="0.8s"
                       values="9;15;9"
                       calcmode="linear"
                       repeatcount="indefinite"
              >
              </animate>
              <animate attributename="fill-opacity"
                       from="0.5"
                       to="0.5"
                       begin="0s"
                       dur="0.8s"
                       values=".5;1;.5"
                       calcmode="linear"
                       repeatcount="indefinite"
              >
              </animate>
            </circle>
            <circle cx="105"
                    cy="15"
                    r="15"
            >
              <animate attributename="r"
                       from="15"
                       to="15"
                       begin="0s"
                       dur="0.8s"
                       values="15;9;15"
                       calcmode="linear"
                       repeatcount="indefinite"
              >
              </animate>
              <animate attributename="fill-opacity"
                       from="1"
                       to="1"
                       begin="0s"
                       dur="0.8s"
                       values="1;.5;1"
                       calcmode="linear"
                       repeatcount="indefinite"
              >
              </animate>
            </circle>
          </svg>
        </div>
      </div>
    </table>
  </form>
</div>
`;

exports[`Organisms/My Articles MyArticlesTableExample smoke-test 1`] = `
<div class="sc-jdkVqZ jsYxwb">
  <div class="sc-csmVar huQTvo">
    <h1>
      My Articles
    </h1>
    <a colortheme="primary"
       class="sc-hLclGa sc-pqitP dhTwVn bNVlce"
       href="/admin/create-article"
    >
      Create new article
    </a>
  </div>
  <form class="sc-ciJnBw dfwyrO">
    <table class="sc-cCIIiH jupHLD">
      <tr class="sc-hHvkSs OHqgu edit-article">
        <th class="edit-article__checkbox">
          <div class="sc-jSwlEQ hPvNpH">
            <input type="checkbox"
                   class="sc-eDnVMP jVxqso"
            >
          </div>
        </th>
        <th class="edit-article__title">
          <button class="sc-grXZZQ kImwcT">
            <span>
              Article title
            </span>
            <svg stroke="currentColor"
                 fill="currentColor"
                 stroke-width="0"
                 viewbox="0 0 320 512"
                 height="1em"
                 width="1em"
                 xmlns="http://www.w3.org/2000/svg"
            >
              <path d="M41 288h238c21.4 0 32.1 25.9 17 41L177 448c-9.4 9.4-24.6 9.4-33.9 0L24 329c-15.1-15.1-4.4-41 17-41zm255-105L177 64c-9.4-9.4-24.6-9.4-33.9 0L24 183c-15.1 15.1-4.4 41 17 41h238c21.4 0 32.1-25.9 17-41z">
              </path>
            </svg>
          </button>
        </th>
        <th class="edit-article__perex">
          <button class="sc-grXZZQ kImwcT">
            <span>
              Perex
            </span>
            <svg stroke="currentColor"
                 fill="currentColor"
                 stroke-width="0"
                 viewbox="0 0 320 512"
                 height="1em"
                 width="1em"
                 xmlns="http://www.w3.org/2000/svg"
            >
              <path d="M41 288h238c21.4 0 32.1 25.9 17 41L177 448c-9.4 9.4-24.6 9.4-33.9 0L24 329c-15.1-15.1-4.4-41 17-41zm255-105L177 64c-9.4-9.4-24.6-9.4-33.9 0L24 183c-15.1 15.1-4.4 41 17 41h238c21.4 0 32.1-25.9 17-41z">
              </path>
            </svg>
          </button>
        </th>
        <th class="edit-article__author">
          <button class="sc-grXZZQ kImwcT">
            <span>
              Author
            </span>
            <svg stroke="currentColor"
                 fill="currentColor"
                 stroke-width="0"
                 viewbox="0 0 320 512"
                 height="1em"
                 width="1em"
                 xmlns="http://www.w3.org/2000/svg"
            >
              <path d="M41 288h238c21.4 0 32.1 25.9 17 41L177 448c-9.4 9.4-24.6 9.4-33.9 0L24 329c-15.1-15.1-4.4-41 17-41zm255-105L177 64c-9.4-9.4-24.6-9.4-33.9 0L24 183c-15.1 15.1-4.4 41 17 41h238c21.4 0 32.1-25.9 17-41z">
              </path>
            </svg>
          </button>
        </th>
        <th class="edit-article__nr-comments">
          <button class="sc-grXZZQ kImwcT">
            <span>
              # comments
            </span>
            <svg stroke="currentColor"
                 fill="currentColor"
                 stroke-width="0"
                 viewbox="0 0 320 512"
                 height="1em"
                 width="1em"
                 xmlns="http://www.w3.org/2000/svg"
            >
              <path d="M41 288h238c21.4 0 32.1 25.9 17 41L177 448c-9.4 9.4-24.6 9.4-33.9 0L24 329c-15.1-15.1-4.4-41 17-41zm255-105L177 64c-9.4-9.4-24.6-9.4-33.9 0L24 183c-15.1 15.1-4.4 41 17 41h238c21.4 0 32.1-25.9 17-41z">
              </path>
            </svg>
          </button>
        </th>
        <th class="edit-article__actions-container">
          Actions
        </th>
      </tr>
      // TODO: Detach logic of rendering
      <div class="sc-bYUneI sc-gXCJSa dWksIS cuYcqn">
        <div data-testid="three-dots-loading"
             aria-label="three-dots-loading"
             aria-busy="true"
             role="status"
             style="display: flex;"
        >
          <svg width="80"
               height="80"
               viewbox="0 0 120 30"
               xmlns="http://www.w3.org/2000/svg"
               fill="#007BFF"
               data-testid="three-dots-svg"
          >
            <circle cx="15"
                    cy="15"
                    r="15"
            >
              <animate attributename="r"
                       from="15"
                       to="15"
                       begin="0s"
                       dur="0.8s"
                       values="15;9;15"
                       calcmode="linear"
                       repeatcount="indefinite"
              >
              </animate>
              <animate attributename="fill-opacity"
                       from="1"
                       to="1"
                       begin="0s"
                       dur="0.8s"
                       values="1;.5;1"
                       calcmode="linear"
                       repeatcount="indefinite"
              >
              </animate>
            </circle>
            <circle cx="60"
                    cy="15"
                    r="9"
                    attributename="fill-opacity"
                    from="1"
                    to="0.3"
            >
              <animate attributename="r"
                       from="9"
                       to="9"
                       begin="0s"
                       dur="0.8s"
                       values="9;15;9"
                       calcmode="linear"
                       repeatcount="indefinite"
              >
              </animate>
              <animate attributename="fill-opacity"
                       from="0.5"
                       to="0.5"
                       begin="0s"
                       dur="0.8s"
                       values=".5;1;.5"
                       calcmode="linear"
                       repeatcount="indefinite"
              >
              </animate>
            </circle>
            <circle cx="105"
                    cy="15"
                    r="15"
            >
              <animate attributename="r"
                       from="15"
                       to="15"
                       begin="0s"
                       dur="0.8s"
                       values="15;9;15"
                       calcmode="linear"
                       repeatcount="indefinite"
              >
              </animate>
              <animate attributename="fill-opacity"
                       from="1"
                       to="1"
                       begin="0s"
                       dur="0.8s"
                       values="1;.5;1"
                       calcmode="linear"
                       repeatcount="indefinite"
              >
              </animate>
            </circle>
          </svg>
        </div>
      </div>
    </table>
  </form>
</div>
`;

exports[`Organisms/My Articles NoArticles smoke-test 1`] = `
<div class="sc-jdkVqZ jsYxwb">
  <div class="sc-csmVar huQTvo">
    <h1>
      My Articles
    </h1>
    <a colortheme="primary"
       class="sc-hLclGa sc-pqitP dhTwVn bNVlce"
       href="/admin/create-article"
    >
      Create new article
    </a>
  </div>
  <form class="sc-ciJnBw dfwyrO">
    <table class="sc-cCIIiH jupHLD">
      <tr class="sc-hHvkSs OHqgu edit-article">
        <th class="edit-article__checkbox">
          <div class="sc-jSwlEQ hPvNpH">
            <input type="checkbox"
                   class="sc-eDnVMP jVxqso"
            >
          </div>
        </th>
        <th class="edit-article__title">
          <button class="sc-grXZZQ kImwcT">
            <span>
              Article title
            </span>
            <svg stroke="currentColor"
                 fill="currentColor"
                 stroke-width="0"
                 viewbox="0 0 320 512"
                 height="1em"
                 width="1em"
                 xmlns="http://www.w3.org/2000/svg"
            >
              <path d="M41 288h238c21.4 0 32.1 25.9 17 41L177 448c-9.4 9.4-24.6 9.4-33.9 0L24 329c-15.1-15.1-4.4-41 17-41zm255-105L177 64c-9.4-9.4-24.6-9.4-33.9 0L24 183c-15.1 15.1-4.4 41 17 41h238c21.4 0 32.1-25.9 17-41z">
              </path>
            </svg>
          </button>
        </th>
        <th class="edit-article__perex">
          <button class="sc-grXZZQ kImwcT">
            <span>
              Perex
            </span>
            <svg stroke="currentColor"
                 fill="currentColor"
                 stroke-width="0"
                 viewbox="0 0 320 512"
                 height="1em"
                 width="1em"
                 xmlns="http://www.w3.org/2000/svg"
            >
              <path d="M41 288h238c21.4 0 32.1 25.9 17 41L177 448c-9.4 9.4-24.6 9.4-33.9 0L24 329c-15.1-15.1-4.4-41 17-41zm255-105L177 64c-9.4-9.4-24.6-9.4-33.9 0L24 183c-15.1 15.1-4.4 41 17 41h238c21.4 0 32.1-25.9 17-41z">
              </path>
            </svg>
          </button>
        </th>
        <th class="edit-article__author">
          <button class="sc-grXZZQ kImwcT">
            <span>
              Author
            </span>
            <svg stroke="currentColor"
                 fill="currentColor"
                 stroke-width="0"
                 viewbox="0 0 320 512"
                 height="1em"
                 width="1em"
                 xmlns="http://www.w3.org/2000/svg"
            >
              <path d="M41 288h238c21.4 0 32.1 25.9 17 41L177 448c-9.4 9.4-24.6 9.4-33.9 0L24 329c-15.1-15.1-4.4-41 17-41zm255-105L177 64c-9.4-9.4-24.6-9.4-33.9 0L24 183c-15.1 15.1-4.4 41 17 41h238c21.4 0 32.1-25.9 17-41z">
              </path>
            </svg>
          </button>
        </th>
        <th class="edit-article__nr-comments">
          <button class="sc-grXZZQ kImwcT">
            <span>
              # comments
            </span>
            <svg stroke="currentColor"
                 fill="currentColor"
                 stroke-width="0"
                 viewbox="0 0 320 512"
                 height="1em"
                 width="1em"
                 xmlns="http://www.w3.org/2000/svg"
            >
              <path d="M41 288h238c21.4 0 32.1 25.9 17 41L177 448c-9.4 9.4-24.6 9.4-33.9 0L24 329c-15.1-15.1-4.4-41 17-41zm255-105L177 64c-9.4-9.4-24.6-9.4-33.9 0L24 183c-15.1 15.1-4.4 41 17 41h238c21.4 0 32.1-25.9 17-41z">
              </path>
            </svg>
          </button>
        </th>
        <th class="edit-article__actions-container">
          Actions
        </th>
      </tr>
      // TODO: Detach logic of rendering
      <div class="sc-bYUneI sc-gXCJSa dWksIS cuYcqn">
        <div data-testid="three-dots-loading"
             aria-label="three-dots-loading"
             aria-busy="true"
             role="status"
             style="display: flex;"
        >
          <svg width="80"
               height="80"
               viewbox="0 0 120 30"
               xmlns="http://www.w3.org/2000/svg"
               fill="#007BFF"
               data-testid="three-dots-svg"
          >
            <circle cx="15"
                    cy="15"
                    r="15"
            >
              <animate attributename="r"
                       from="15"
                       to="15"
                       begin="0s"
                       dur="0.8s"
                       values="15;9;15"
                       calcmode="linear"
                       repeatcount="indefinite"
              >
              </animate>
              <animate attributename="fill-opacity"
                       from="1"
                       to="1"
                       begin="0s"
                       dur="0.8s"
                       values="1;.5;1"
                       calcmode="linear"
                       repeatcount="indefinite"
              >
              </animate>
            </circle>
            <circle cx="60"
                    cy="15"
                    r="9"
                    attributename="fill-opacity"
                    from="1"
                    to="0.3"
            >
              <animate attributename="r"
                       from="9"
                       to="9"
                       begin="0s"
                       dur="0.8s"
                       values="9;15;9"
                       calcmode="linear"
                       repeatcount="indefinite"
              >
              </animate>
              <animate attributename="fill-opacity"
                       from="0.5"
                       to="0.5"
                       begin="0s"
                       dur="0.8s"
                       values=".5;1;.5"
                       calcmode="linear"
                       repeatcount="indefinite"
              >
              </animate>
            </circle>
            <circle cx="105"
                    cy="15"
                    r="15"
            >
              <animate attributename="r"
                       from="15"
                       to="15"
                       begin="0s"
                       dur="0.8s"
                       values="15;9;15"
                       calcmode="linear"
                       repeatcount="indefinite"
              >
              </animate>
              <animate attributename="fill-opacity"
                       from="1"
                       to="1"
                       begin="0s"
                       dur="0.8s"
                       values="1;.5;1"
                       calcmode="linear"
                       repeatcount="indefinite"
              >
              </animate>
            </circle>
          </svg>
        </div>
      </div>
    </table>
  </form>
</div>
`;
