// Jest Snapshot v1, https://goo.gl/fbAQLP

exports[`Organisms/Forms LoginFormExample smoke-test 1`] = `
<form class="sc-hhWzdI kDlOd">
  <h3>
    Log In
  </h3>
  <div class="sc-dmBjiZ ieOkoL">
    <label for="Email">
      Email
    </label>
    <input placeholder="me@example.com"
           type="email"
           id="Email"
           class="sc-iBAaJG djhrVw"
           value
    >
  </div>
  <div class="sc-dmBjiZ ieOkoL">
    <label for="Password">
      Password
    </label>
    <input placeholder="Enter the password"
           type="password"
           id="Password"
           class="sc-iBAaJG djhrVw"
           value
    >
  </div>
  <span class="error">
  </span>
  <button variant="standard"
          colortheme="primary"
          type="submit"
          class="sc-hLclGa dhTwVn"
  >
    Log In
  </button>
</form>
`;
