// Jest Snapshot v1, https://goo.gl/fbAQLP

exports[`Molecules/Comment CommentExample smoke-test 1`] = `
<div class="sc-bjEwCx jyGvnB comment">
  <img class="sc-bcPKhP jnhZlJ avatar"
       src="static/media/src/images/avatar-fallback.png"
       alt="fallback user avatar"
  >
  <h5 class="comment__author">
    Linda Lynn
  </h5>
  <span class="comment__time-diff label">
    3 years ago
  </span>
  <p class="comment__text">
    Lorem ipsum dolor, sit amet consectetur adipisicing elit. Natus quibusdam qui autem libero consequuntur tenetur eveniet recusandae aliquam obcaecati. Consequatur perferendis id, dolorem quae unde recusandae ad deleniti obcaecati similique?
  </p>
  <div class="sc-fEyylQ gCWoPR comment__voting-counter">
    <span data-testid="reactionCounter">
      0
    </span>
    <button aria-label="vote-up">
      <svg stroke="currentColor"
           fill="currentColor"
           stroke-width="0"
           viewbox="0 0 24 24"
           height="100%"
           width="100%"
           xmlns="http://www.w3.org/2000/svg"
      >
        <g>
          <path fill="none"
                d="M0 0h24v24H0z"
          >
          </path>
          <path d="M12 10.828l-4.95 4.95-1.414-1.414L12 8l6.364 6.364-1.414 1.414z">
          </path>
        </g>
      </svg>
    </button>
    <button aria-label="vote-down">
      <svg stroke="currentColor"
           fill="currentColor"
           stroke-width="0"
           viewbox="0 0 24 24"
           height="100%"
           width="100%"
           xmlns="http://www.w3.org/2000/svg"
      >
        <g>
          <path fill="none"
                d="M0 0h24v24H0z"
          >
          </path>
          <path d="M12 13.172l4.95-4.95 1.414 1.414L12 16 5.636 9.636 7.05 8.222z">
          </path>
        </g>
      </svg>
    </button>
  </div>
</div>
`;
