// Jest Snapshot v1, https://goo.gl/fbAQLP

exports[`Molecules/Input with label InputWithLabelTypes smoke-test 1`] = `
<div style="display: flex; flex-direction: column; gap: 20px;">
  <div class="sc-dmBjiZ ieOkoL">
    <label for="Username">
      Username
    </label>
    <input placeholder="Enter your name"
           id="Username"
           class="sc-iBAaJG djhrVw"
           value="hello"
    >
  </div>
  <div class="sc-dmBjiZ ieOkoL">
    <label for="Email">
      Email
    </label>
    <input placeholder="me@example.com"
           id="Email"
           class="sc-iBAaJG djhrVw"
           value
    >
  </div>
  <div class="sc-dmBjiZ ieOkoL">
    <label for="Password">
      Password
    </label>
    <input placeholder="Enter your password"
           id="Password"
           class="sc-iBAaJG djhrVw"
           value
    >
  </div>
</div>
`;
